
e:\nt\private\net\svcimgs\ntrepl>net use \\serpentor /u:serpentor\administrator ""
The command completed successfully.


e:\nt\private\net\svcimgs\ntrepl>remote /c serpentor cmd
**************************************
***********     REMOTE    ************
***********     CLIENT    ************
**************************************
Connected...

Microsoft Windows 2000 [Version 5.00.2054]
(C) Copyright 1985-1999 Microsoft Corp.

D:\idw>cd\regressn             [Local        1:50 PM]
cd\regressn

D:\regressn>
**Remote: Connected to DAVIDOR6 administrator [Fri 1:51 PM]
dir ntfrs*
dir ntfrs*
 Volume in drive D has no label.
 Volume Serial Number is D849-21DC

 Directory of D:\regressn

06/09/99  11:18a               636,160 ntfrs.exe
               1 File(s)        636,160 bytes
               0 Dir(s)   2,359,693,312 bytes free

D:\regressn>dir \\davidor2\ntfrs\
dir \\davidor2\ntfrs\
The trust relationship between this workstation and the primary domain failed.

D:\regressn>net use \\davidor2 /u:davidor2\administrator ""
net use \\davidor2 /u:davidor2\administrator ""
The command completed successfully.


D:\regressn>copy \\davidor2\ntfrs\x86\ntfrs.exe
copy \\davidor2\ntfrs\x86\ntfrs.exe
Overwrite D:\regressn\ntfrs.exe? (Yes/No/All): y
y
        1 file(s) copied.

D:\regressn>dir
dir
 Volume in drive D has no label.
 Volume Serial Number is D849-21DC

 Directory of D:\regressn

06/11/99  01:47p        <DIR>          .
06/11/99  01:47p        <DIR>          ..
01/27/99  02:50p                   271 15min.scr
02/23/99  03:34p                   301 add.scr
03/17/99  07:38p                31,098 addremove.ini
12/18/98  02:09p                   272 alltime.scr
06/11/99  12:51p                 4,870 autoregressn.cmd
04/08/99  06:51p                 4,104 back.ini
12/16/98  03:02p                55,808 cleanfrs.exe
06/11/99  01:43p                 3,112 core.ini
02/18/99  03:22p                   279 CreateFile01.scr
06/11/99  01:46p                   128 custom.ini
02/08/99  07:55p                 1,493 deleteme.scr
04/19/99  01:27p               115,200 dsinter.dll
11/19/98  04:49p                74,240 dtree.exe
02/02/99  09:38p                   267 dtree.ini
06/11/99  01:44p                   879 dyn.ini
04/06/99  01:48p                 1,414 DynamicMembership05.scr
06/10/99  02:51p                 1,493 DynamicMembership12.scr
06/10/99  03:49p                 1,341 DynamicMembership16.scr
05/04/99  12:02p               447,709 FAILED
05/04/99  12:26p                   174 failure.ini
06/03/99  04:07p                 1,305 fast.ini
11/16/98  02:58p                49,664 forcesync.exe
06/10/99  02:31p                    68 frsmon_error.log
06/10/99  02:31p                   274 frsmon_history.log
02/02/99  11:21a                58,368 frsutil.dll
03/05/99  03:16p                   575 HashTable03.scr
02/16/99  01:57p                50,176 jon.exe
02/16/99  01:57p               304,128 jon.pdb
04/22/98  04:12p                   253 junk.cmd
03/15/99  09:03p             2,134,747 lame
02/22/99  06:02p                   322 massclean.cmd
02/23/99  08:32p                   146 massstart.cmd
06/08/99  05:05p               245,248 new.exe
04/12/99  12:21p               220,303 new.log
06/11/99  01:50p               637,184 ntfrs.exe
04/12/99  02:21p               241,664 regressn-nodelete.exe
06/10/99  05:29p               247,296 regressn.exe
06/10/99  03:49p                   151 regressn.ini
02/23/99  03:29p                   234 remove.scr
06/11/99  01:36p                   243 RESULTS.TXT
06/11/99  01:45p                   294 schedule.ini
05/06/99  04:25p        <DIR>          scripts
06/11/99  01:47p                28,672 scripts.xls
06/10/99  11:54a                    80 smoke.ini
06/11/99  12:35p                   241 smoke2.ini
02/12/99  05:48p                51,712 startstop.exe
06/04/99  04:57p                   194 sterilize.ini
06/04/99  03:16p                 2,947 sterilize.scr
06/10/99  06:25p                   455 temp.scr
06/11/99  01:36p             6,511,331 testing.log
              49 File(s)     11,532,728 bytes
               3 Dir(s)   2,362,109,952 bytes free

D:\regressn>dir ntfrs*
dir ntfrs*
 Volume in drive D has no label.
 Volume Serial Number is D849-21DC

 Directory of D:\regressn

06/11/99  01:50p               637,184 ntfrs.exe
               1 File(s)        637,184 bytes
               0 Dir(s)   2,362,195,968 bytes free

D:\regressn>autoregressn smoke.ini  davidor@microsoft.com
autoregressn smoke.ini  davidor@microsoft.com
The following binary was found:

06/11/99  01:50p               637,184 ntfrs.exe

Press any key to continue, or ctrl-c to exit.


Stopping service on !COMPUTER1!.
[SC] OpenSCManager FAILED 1722:

The RPC server is unavailable.

Stopping service on !COMPUTER2!.
[SC] OpenSCManager FAILED 1722:

The RPC server is unavailable.

Stopping service on !COMPUTER3!.
[SC] OpenSCManager FAILED 1722:

The RPC server is unavailable.

Stopping service on !COMPUTER4!.
^C                      [DAVIDOR6     1:57 PM]
^CTerminate batch job (Y/N)?
Terminate batch job (Y/N)? y
y

D:\regressn>cmd /v
cmd /v
Microsoft Windows 2000 [Version 5.00.2054]
(C) Copyright 1985-1999 Microsoft Corp.

D:\regressn>autoregressn smoke.ini  davidor@microsoft.com
autoregressn smoke.ini  davidor@microsoft.com
The following binary was found:

06/11/99  01:50p               637,184 ntfrs.exe

Press any key to continue, or ctrl-c to exit.


Stopping service on STORMSHADOW.

SERVICE_NAME: ntfrs
        TYPE               : 10  WIN32_OWN_PROCESS
        STATE              : 3  STOP_PENDING
                                (STOPPABLE,NOT_PAUSABLE,ACCEPTS_SHUTDOWN)
        WIN32_EXIT_CODE    : 0  (0x0)
        SERVICE_EXIT_CODE  : 0  (0x0)
        CHECKPOINT         : 0x0
        WAIT_HINT          : 0x15f90
Stopping service on COBRACOMMANDER.

SERVICE_NAME: ntfrs
        TYPE               : 10  WIN32_OWN_PROCESS
        STATE              : 3  STOP_PENDING
                                (STOPPABLE,NOT_PAUSABLE,ACCEPTS_SHUTDOWN)
        WIN32_EXIT_CODE    : 0  (0x0)
        SERVICE_EXIT_CODE  : 0  (0x0)
        CHECKPOINT         : 0x0
        WAIT_HINT          : 0x15f90
Stopping service on TUNNEL-RAT.

SERVICE_NAME: ntfrs
        TYPE               : 10  WIN32_OWN_PROCESS
        STATE              : 3  STOP_PENDING
                                (STOPPABLE,NOT_PAUSABLE,ACCEPTS_SHUTDOWN)
        WIN32_EXIT_CODE    : 0  (0x0)
        SERVICE_EXIT_CODE  : 0  (0x0)
        CHECKPOINT         : 0x0
        WAIT_HINT          : 0x15f90
Stopping service on DESTRO.

SERVICE_NAME: ntfrs
        TYPE               : 10  WIN32_OWN_PROCESS
        STATE              : 3  STOP_PENDING
                                (STOPPABLE,NOT_PAUSABLE,ACCEPTS_SHUTDOWN)
        WIN32_EXIT_CODE    : 0  (0x0)
        SERVICE_EXIT_CODE  : 0  (0x0)
        CHECKPOINT         : 0x0
        WAIT_HINT          : 0x15f90
Stopping service on SNAKE-EYES.

SERVICE_NAME: ntfrs
        TYPE               : 10  WIN32_OWN_PROCESS
        STATE              : 3  STOP_PENDING
                                (STOPPABLE,NOT_PAUSABLE,ACCEPTS_SHUTDOWN)
        WIN32_EXIT_CODE    : 0  (0x0)
        SERVICE_EXIT_CODE  : 0  (0x0)
        CHECKPOINT         : 0x0
        WAIT_HINT          : 0x15f90

Erasing the NTFRS Jet Database on STORMSHADOW.
Erasing the NTFRS Jet Database on COBRACOMMANDER.
Erasing the NTFRS Jet Database on TUNNEL-RAT.
Erasing the NTFRS Jet Database on DESTRO.
Erasing the NTFRS Jet Database on SNAKE-EYES.

Refreshing the staging dir on STORMSHADOW.
Refreshing the staging dir on COBRACOMMANDER.
Refreshing the staging dir on TUNNEL-RAT.
Refreshing the staging dir on DESTRO.
Refreshing the staging dir on SNAKE-EYES.

Cleaning replica root on STORMSHADOW.
rd /s /q \\STORMSHADOW\d$\replica1\DO_NOT_REMOVE_NtFrs_PreInstall_Directory
del \\STORMSHADOW\d$\replica1\*.* /q
Cleaning replica root on COBRACOMMANDER.
rd /s /q \\COBRACOMMANDER\d$\replica1\DO_NOT_REMOVE_NtFrs_PreInstall_Directory
rd /s /q \\COBRACOMMANDER\d$\replica1\NtFrs_PreExisting___See_EventLog
del \\COBRACOMMANDER\d$\replica1\*.* /q
Cleaning replica root on TUNNEL-RAT.
rd /s /q \\TUNNEL-RAT\d$\replica1\DO_NOT_REMOVE_NtFrs_PreInstall_Directory
del \\TUNNEL-RAT\d$\replica1\*.* /q
Cleaning replica root on DESTRO.
rd /s /q \\DESTRO\d$\replica1\DO_NOT_REMOVE_NtFrs_PreInstall_Directory
del \\DESTRO\d$\replica1\*.* /q
Cleaning replica root on SNAKE-EYES.
rd /s /q \\SNAKE-EYES\d$\replica1\DO_NOT_REMOVE_NtFrs_PreInstall_Directory
del \\SNAKE-EYES\d$\replica1\*.* /q

Copying replacement NTFRS.EXE to \\STORMSHADOW\d$\winnt\system32.
        1 file(s) copied.
Copying replacement NTFRS.EXE to \\COBRACOMMANDER\d$\winnt\system32.
        1 file(s) copied.
Copying replacement NTFRS.EXE to \\TUNNEL-RAT\d$\winnt\system32.
        1 file(s) copied.
Copying replacement NTFRS.EXE to \\DESTRO\d$\winnt\system32.
        1 file(s) copied.
Copying replacement NTFRS.EXE to \\SNAKE-EYES\d$\winnt\system32.
        1 file(s) copied.

Starting service on STORMSHADOW.

SERVICE_NAME: ntfrs
        TYPE               : 10  WIN32_OWN_PROCESS
        STATE              : 2  START_PENDING
                                (NOT_STOPPABLE,NOT_PAUSABLE,IGNORES_SHUTDOWN)
        WIN32_EXIT_CODE    : 0  (0x0)
        SERVICE_EXIT_CODE  : 0  (0x0)
        CHECKPOINT         : 0x0
        WAIT_HINT          : 0x7d0
Starting service on COBRACOMMANDER.

SERVICE_NAME: ntfrs
        TYPE               : 10  WIN32_OWN_PROCESS
        STATE              : 2  START_PENDING
                                (NOT_STOPPABLE,NOT_PAUSABLE,IGNORES_SHUTDOWN)
        WIN32_EXIT_CODE    : 0  (0x0)
        SERVICE_EXIT_CODE  : 0  (0x0)
        CHECKPOINT         : 0x0
        WAIT_HINT          : 0x7d0
Starting service on TUNNEL-RAT.

SERVICE_NAME: ntfrs
        TYPE               : 10  WIN32_OWN_PROCESS
        STATE              : 2  START_PENDING
                                (NOT_STOPPABLE,NOT_PAUSABLE,IGNORES_SHUTDOWN)
        WIN32_EXIT_CODE    : 0  (0x0)
        SERVICE_EXIT_CODE  : 0  (0x0)
        CHECKPOINT         : 0x0
        WAIT_HINT          : 0x7d0
Starting service on DESTRO.

SERVICE_NAME: ntfrs
        TYPE               : 10  WIN32_OWN_PROCESS
        STATE              : 2  START_PENDING
                                (NOT_STOPPABLE,NOT_PAUSABLE,IGNORES_SHUTDOWN)
        WIN32_EXIT_CODE    : 0  (0x0)
        SERVICE_EXIT_CODE  : 0  (0x0)
        CHECKPOINT         : 0x0
        WAIT_HINT          : 0x7d0
Starting service on SNAKE-EYES.

SERVICE_NAME: ntfrs
        TYPE               : 10  WIN32_OWN_PROCESS
        STATE              : 2  START_PENDING
                                (NOT_STOPPABLE,NOT_PAUSABLE,IGNORES_SHUTDOWN)
        WIN32_EXIT_CODE    : 0  (0x0)
        SERVICE_EXIT_CODE  : 0  (0x0)
        CHECKPOINT         : 0x0
        WAIT_HINT          : 0x7d0

Pausing for 120 seconds to allow NTFRS join.

Running a simple smoke test.

Creating \\STORMSHADOW\d$\replica1\STORMSHADOW_SMOKE.
Creating \\COBRACOMMANDER\d$\replica1\COBRACOMMANDER_SMOKE.
Creating \\TUNNEL-RAT\d$\replica1\TUNNEL-RAT_SMOKE.
Creating \\DESTRO\d$\replica1\DESTRO_SMOKE.
Creating \\SNAKE-EYES\d$\replica1\SNAKE-EYES_SMOKE.
Smoke test succeeded.  Beginning regression pass.
Loaded ntsdexts extension DLL

Microsoft(R) Windows 2000 Debugger
Version 5.00.1980.1
Copyright (C) Microsoft Corp. 1981-1999

CommandLine: regressn smoke.ini
Symbol search path is: D:\WINNT
CDB ModLoad: 01000000 01026000   obj\i386\regressn.exe
CDB ModLoad: 77f80000 77ff8000   ntdll.dll
CDB ModLoad: 77db0000 77e06000   D:\WINNT\system32\ADVAPI32.dll
CDB ModLoad: 77e80000 77f33000   D:\WINNT\system32\KERNEL32.DLL
CDB ModLoad: 77d30000 77da1000   D:\WINNT\system32\RPCRT4.DLL
CDB ModLoad: 00400000 00415000   D:\regressn\DSINTER.DLL
CDB ModLoad: 78000000 78047000   D:\WINNT\system32\MSVCRT.dll
CDB ModLoad: 77930000 77957000   D:\WINNT\system32\WLDAP32.dll
CDB ModLoad: 751d0000 7521a000   D:\WINNT\System32\NETAPI32.dll
CDB ModLoad: 77bc0000 77bce000   D:\WINNT\System32\SECUR32.DLL
CDB ModLoad: 75220000 75227000   D:\WINNT\System32\NETRAP.DLL
CDB ModLoad: 751b0000 751bf000   D:\WINNT\System32\SAMLIB.DLL
CDB ModLoad: 75090000 750a3000   D:\WINNT\System32\WS2_32.DLL
CDB ModLoad: 75080000 75088000   D:\WINNT\System32\WS2HELP.dll
CDB ModLoad: 77960000 77984000   D:\WINNT\System32\DNSAPI.DLL
CDB ModLoad: 750b0000 750b8000   D:\WINNT\System32\WSOCK32.DLL
CDB ModLoad: 77bd0000 77be2000   D:\WINNT\System32\NTDSAPI.dll
CDB ModLoad: 00370000 0037b000   D:\regressn\FRSUTIL.DLL
CDB ModLoad: 77e10000 77e72000   D:\WINNT\system32\USER32.dll
CDB ModLoad: 77f40000 77f7b000   D:\WINNT\system32\GDI32.DLL
CDB ModLoad: 77520000 77525000   D:\WINNT\System32\ICMP.dll
CDB ModLoad: 75040000 75050000   D:\WINNT\system32\msafd.dll
CDB ModLoad: 75070000 75077000   D:\WINNT\System32\wshtcpip.dll
CDB ModLoad: 77840000 7784b000   D:\WINNT\System32\rnr20.dll
CDB ModLoad: 777e0000 777e8000   D:\WINNT\System32\winrnr.dll
CDB ModLoad: 777f0000 777f5000   D:\WINNT\System32\rasadhlp.dll
CDB ModLoad: 77830000 7783e000   D:\WINNT\System32\RTUTILS.DLL
CDB ModLoad: 766b0000 766df000   D:\WINNT\system32\kerberos.dll
CDB ModLoad: 766e0000 766ee000   D:\WINNT\System32\cryptdll.dll
CDB ModLoad: 77440000 77450000   D:\WINNT\System32\MSASN1.dll
Selected replica sets:
regressn1
Desired computers not specified in INI -- assuming all
Selected scripts:
.\scripts\CreateFile01.scr
DEBUG: Calling initialize.
DEBUG: Setting up computer iteration pointer
DEBUG: AllReplicas = 3
DEBUG: Replica set regressn1
DEBUG: Inside replica set regressn1.
DEBUG: m_ReplicaNames[0] = regressn1
DEBUG: Inside member COBRACOMMANDER.
DEBUG: m_NoOfMembers[0] = 1
DEBUG: m_MemberNames[0][0] = COBRACOMMANDER
DEBUG: m_LocalPaths[0][0] = d:\replica1
DEBUG: m_RemotePaths[0][0] = \\COBRACOMMANDER\d$\replica1
DEBUG: Inside member DESTRO.
DEBUG: m_NoOfMembers[0] = 2
DEBUG: m_MemberNames[0][1] = DESTRO
DEBUG: m_LocalPaths[0][1] = d:\replica1
DEBUG: m_RemotePaths[0][1] = \\DESTRO\d$\replica1
DEBUG: Inside member SNAKE-EYES.
DEBUG: m_NoOfMembers[0] = 3
DEBUG: m_MemberNames[0][2] = SNAKE-EYES
DEBUG: m_LocalPaths[0][2] = d:\replica1
DEBUG: m_RemotePaths[0][2] = \\SNAKE-EYES\d$\replica1
DEBUG: Inside member STORMSHADOW.
DEBUG: m_NoOfMembers[0] = 4
DEBUG: m_MemberNames[0][3] = STORMSHADOW
DEBUG: m_LocalPaths[0][3] = d:\replica1
DEBUG: m_RemotePaths[0][3] = \\STORMSHADOW\d$\replica1
DEBUG: Inside member TUNNEL-RAT.
DEBUG: m_NoOfMembers[0] = 5
DEBUG: m_MemberNames[0][4] = TUNNEL-RAT
DEBUG: m_LocalPaths[0][4] = d:\replica1
DEBUG: m_RemotePaths[0][4] = \\TUNNEL-RAT\d$\replica1
DEBUG: Replica set dfsroot
DEBUG: Replica set Domain System Volume (SYSVOL share)
DEBUG: m_ComputerNames[0] = cobracommander.starcraft.nttest.microsoft.com
DEBUG: m_ComputerNames[1] = DESTRO.starcraft.nttest.microsoft.com
DEBUG: m_ComputerNames[2] = snake-eyes.starcraft.nttest.microsoft.com
DEBUG: m_ComputerNames[3] = STORMSHADOW.starcraft.nttest.microsoft.com
DEBUG: m_ComputerNames[4] = TUNNEL-RAT.starcraft.nttest.microsoft.com
DEBUG: m_ComputerNames[5] = FRSLAB3.starcraft.nttest.microsoft.com
DEBUG: m_ComputerNames[6] = FRSLAB4.starcraft.nttest.microsoft.com
DEBUG: m_ComputerNames[7] = frslab5.starcraft.nttest.microsoft.com
DEBUG: m_ComputerNames[8] = SERPENTOR.starcraft.nttest.microsoft.com
m_NoOfComputers = 9
m_ComputerNames[0] = cobracommander.starcraft.nttest.microsoft.com
m_ComputerNames[1] = DESTRO.starcraft.nttest.microsoft.com
m_ComputerNames[2] = snake-eyes.starcraft.nttest.microsoft.com
m_ComputerNames[3] = STORMSHADOW.starcraft.nttest.microsoft.com
m_ComputerNames[4] = TUNNEL-RAT.starcraft.nttest.microsoft.com
m_ComputerNames[5] = FRSLAB3.starcraft.nttest.microsoft.com
m_ComputerNames[6] = FRSLAB4.starcraft.nttest.microsoft.com
m_ComputerNames[7] = frslab5.starcraft.nttest.microsoft.com
m_ComputerNames[8] = SERPENTOR.starcraft.nttest.microsoft.com

m_NoOfReplicas = 1
m_ReplicaNames[0] = regressn1
m_NoOfMembers[0] = 5
        m_MemberNames[0,0] = COBRACOMMANDER
        m_LocalPaths[0,0] = d:\replica1
        m_RemotePaths[0,0] = \\COBRACOMMANDER\d$\replica1
        m_MemberNames[0,1] = DESTRO
        m_LocalPaths[0,1] = d:\replica1
        m_RemotePaths[0,1] = \\DESTRO\d$\replica1
        m_MemberNames[0,2] = SNAKE-EYES
        m_LocalPaths[0,2] = d:\replica1
        m_RemotePaths[0,2] = \\SNAKE-EYES\d$\replica1
        m_MemberNames[0,3] = STORMSHADOW
        m_LocalPaths[0,3] = d:\replica1
        m_RemotePaths[0,3] = \\STORMSHADOW\d$\replica1
        m_MemberNames[0,4] = TUNNEL-RAT
        m_LocalPaths[0,4] = d:\replica1
        m_RemotePaths[0,4] = \\TUNNEL-RAT\d$\replica1
------------------ TEST SUITE BEGIN 06/11/99 14:02:03 ------------------
.\scripts\CreateFile01.scr
-------------Test Begin :  CreateFile1-------------

COMMAND2
COMMAND=CreateFile
TARGETMACHINE=1
BLOCKING=YES
REPLICASETNO=1
FILENAME=CreateFile1
MAXSIZE=999
Creating file \\COBRACOMMANDER\d$\replica1\CreateFile1
** Variation Passed **

COMMAND4
COMMAND=CompareFiles
TARGETMACHINE=1
BLOCKING=YES
CRITICAL=YES
REPLICASETNO=1
FILENAME=CreateFile1
COMPARE1=SIZE
** Variation Passed **

COMMAND5
COMMAND=DeleteFile
TARGETMACHINE=1
BLOCKING=YES
REPLICASETNO=1
FILENAME=CreateFile1
FileName : \\COBRACOMMANDER\d$\replica1\CreateFile1
** Variation Passed **
-------------End of Test :  CreateFile1------------
--------------Test Results--------------
Test Variations: 3
Passed Variations: 3
Failed Variations: 0
Warned Variations: 0
----------------------------------------
--------------Total Test Results--------------
Total Test Variations: 3
Total Passed Variations: 3
Total Failed Variations: 0
Total Warned Variations: 0
---------------------------------

------------------ TEST SUITE END 06/11/99 14:02:14 --------------------
REGRESSION TEST RUN

Test name                       Status

CreateFile1                     Pass


Total Tests Run: 1
Total Tests Passed: 1
Pass Rate: 100 %



DEBUG: Freeing m_ReplicaNames[0]
DEBUG: Freeing m_MemberNames[0][0] = COBRACOMMANDER
DEBUG: Freeing m_LocalPaths[0][0] = d:\replica1
DEBUG: Freeing m_RemotePaths[0][0] = \\COBRACOMMANDER\d$\replica1
DEBUG: Freeing m_MemberNames[0][1] = DESTRO
DEBUG: Freeing m_LocalPaths[0][1] = d:\replica1
DEBUG: Freeing m_RemotePaths[0][1] = \\DESTRO\d$\replica1
DEBUG: Freeing m_MemberNames[0][2] = SNAKE-EYES
DEBUG: Freeing m_LocalPaths[0][2] = d:\replica1
DEBUG: Freeing m_RemotePaths[0][2] = \\SNAKE-EYES\d$\replica1
DEBUG: Freeing m_MemberNames[0][3] = STORMSHADOW
DEBUG: Freeing m_LocalPaths[0][3] = d:\replica1
DEBUG: Freeing m_RemotePaths[0][3] = \\STORMSHADOW\d$\replica1
DEBUG: Freeing m_MemberNames[0][4] = TUNNEL-RAT
DEBUG: Freeing m_LocalPaths[0][4] = d:\replica1
DEBUG: Freeing m_RemotePaths[0][4] = \\TUNNEL-RAT\d$\replica1
DEBUG: Freeing m_MemberNames[0]
DEBUG: Freeing m_LocalPaths[0]
DEBUG: Freeing m_RemotePaths[0]
DEBUG: Freeing m_NoOfMembers
DEBUG: Freeing m_ReplicaNames
DEBUG: Freeing m_MemberNames
DEBUG: Freeing m_LocalPaths
DEBUG: Freeing m_RemotePaths
DEBUG: Freeing m_ComputerNames
        1 file(s) copied.
Regression pass complete.  You can either view RESULTS.TXT in this directory
or view it in your email.

D:\regressn>
D:\regressn>type RESULTS.TXT
type RESULTS.TXT
MAILTO: davidor@microsoft.com

REGRESSION TEST RUN

Test name                       Status

CreateFile1                     Pass


Total Tests Run: 1
Total Tests Passed: 1
Pass Rate: 100 %


D:\regressn>type custom.ini
type custom.ini
[REPLICASETS]
regressn1
[COMPUTERS]
[SCRIPTS]
sterilize.scr
scripts\CreateFile01.scr
scripts\Insert-Your-Script-Here.scr

D:\regressn>




